+-----------+-----------+
|business_id|num_reviews|
+-----------+-----------+
+-----------+-----------+
