+-----------+-----------+
|business_id|num_reviews|
+-----------+-----------+
|bid        |1          |
+-----------+-----------+
